// 重构日志: bbe0e1df
// 重构日志: 3f86d30b
// 重构日志: 71437e74
// 同步 ID: c27a57ec @ Mon Jul 20 14:06:41 UTC 2026
// 重构日志: d93abc2f
// 重构日志: dc7421be
// 同步 ID: f9b4c8a6 @ Wed Jul 22 00:05:33 UTC 2026
// 重构日志: 38371a85
// 重构日志: 4a359298
// 同步 ID: 50ca88ab @ Wed Jul 22 18:01:36 UTC 2026
// 重构日志: 0ac0e814
// 重构日志: 3a1a48cc
// 同步 ID: 111cc7ff @ Fri Jul 24 05:42:59 UTC 2026
// 重构日志: 03a2b495
// 重构日志: 356cd06e
// 同步 ID: 20d7a0c5 @ Tue Jul 28 02:03:52 UTC 2026
// 同步 ID: d3848432 @ Tue Jul 28 13:24:27 UTC 2026
// 重构日志: 224552f5
// 同步 ID: 11098d5c @ Tue Jul 28 17:47:19 UTC 2026
// 重构日志: 3f7f56fb
// 同步 ID: 64f8da24 @ Wed Jul 29 20:04:48 UTC 2026
// 同步 ID: fe13d93b @ Thu Jul 30 01:10:49 UTC 2026
// 重构日志: 799bb464
// 重构日志: 66805703
// 同步 ID: a445e931 @ Thu Jul 30 15:04:43 UTC 2026
// 重构日志: c8c9799f
// 重构日志: 9faaa379
// 重构日志: cdf4b6b2
// 同步 ID: d4e549cd @ Sat Aug  1 16:54:06 UTC 2026
// 同步 ID: bb9a4807 @ Sun Aug  2 22:38:32 UTC 2026
